2025-04-15 18:05:11.334277 (3918641) [INFO] Loading ICTV Tree
2025-04-15 18:05:12.979533 (3918641) [INFO] Loading Viral NCBI Tree
2025-04-15 18:05:30.294259 (3918641) [INFO] Calculating ICTV and NCBI correspondence
2025-04-15 18:05:31.212758 (3918641) [INFO] Taxo tree loaded
2025-04-15 18:05:35.010185 (3918641) [INFO] getting genomad-1.9 results
2025-04-15 18:05:35.080838 (3918641) [INFO] getting minimap-ref=VMRv4_ML_train;mode=ont results
2025-04-15 18:05:35.756544 (3918641) [INFO] getting minimapThRank-ref=VMRv4_ML_train;mode=ont;thRank-fgggggggggss results
2025-04-15 18:05:35.804862 (3918641) [INFO] getting ML-stratgy=bottomup;th=0.45, gen=1011000 results
2025-04-15 18:05:37.225285 (3918641) [INFO] getting pipeline_vp=minimapThresh-ref=VMRv4_ML_train;mode=ont;thresh-60_completeMatch.esm-150M_512.merge=minimap_ml_train results
2025-04-15 18:05:37.225579 (3918641) [INFO] run pipeline on 3954 samples
2025-04-15 18:05:37.225772 (3918641) [INFO] apply minimapThresh-ref=VMRv4_ML_train;mode=ont;thresh-60_completeMatch on 3954 samples
2025-04-15 18:05:37.243265 (3918641) [INFO] 451 samples are confirmed as virus by minimapThresh-ref=VMRv4_ML_train;mode=ont;thresh-60_completeMatch
2025-04-15 18:05:37.243319 (3918641) [INFO] apply esm-150M_512 on 3503 samples
2025-04-15 18:05:37.408283 (3918641) [INFO] 3440 samples are confirmed as virus by esm-150M_512
2025-04-15 18:05:37.413623 (3918641) [INFO] 3891 samples are predicted as virus
2025-04-15 18:05:37.413842 (3918641) [INFO] Merge result: running minimapThRank-ref=VMRv4_ML_train;mode=ont;thRank-fgggggggggss on 3891 samples
2025-04-15 18:05:37.414401 (3918641) [INFO] Merge result: running ML-stratgy=bottomup;th=0.45, gen=1011000 on 1341 samples
2025-04-15 18:05:37.414705 (3918641) [INFO] All samples predicted. Skip remained models
2025-04-15 18:05:37.418220 (3918641) [INFO] getting minimap_ml_train results
2025-04-15 18:05:37.418396 (3918641) [INFO] Merge result: running minimapThRank-ref=VMRv4_ML_train;mode=ont;thRank-fgggggggggss on 63 samples
2025-04-15 18:05:37.418429 (3918641) [INFO] Merge result: running ML-stratgy=bottomup;th=0.45, gen=1011000 on 42 samples
2025-04-15 18:05:37.418448 (3918641) [INFO] All samples predicted. Skip remained models
2025-04-15 18:05:37.418494 (3918641) [INFO] getting minimap_genomad_train results
2025-04-15 18:05:37.418646 (3918641) [INFO] Merge result: running minimapThRank-ref=VMRv4_ML_train;mode=ont;thRank-fgggggggggss on 3954 samples
2025-04-15 18:05:37.419219 (3918641) [INFO] Merge result: running genomad-1.9 on 1383 samples
2025-04-15 18:05:37.419530 (3918641) [INFO] Merge result: running minimap-ref=VMRv4_ML_train;mode=ont on 584 samples
2025-04-15 18:05:37.422554 (3918641) [INFO] getting ml_genomad results
2025-04-15 18:05:37.422778 (3918641) [INFO] Merge result: running ML-stratgy=bottomup;th=0.45, gen=1011000 on 3954 samples
2025-04-15 18:05:37.423382 (3918641) [INFO] All samples predicted. Skip remained models
2025-04-15 18:05:37.424325 (3918641) [INFO] getting minimap_ml_genomad_train results
2025-04-15 18:05:37.424539 (3918641) [INFO] Merge result: running minimapThRank-ref=VMRv4_ML_train;mode=ont;thRank-fgggggggggss on 3954 samples
2025-04-15 18:05:37.424946 (3918641) [INFO] Merge result: running ML-stratgy=bottomup;th=0.45, gen=1011000 on 3954 samples
2025-04-15 18:05:37.425345 (3918641) [INFO] Merge result: running minimap-ref=VMRv4_ML_train;mode=ont on 3954 samples
2025-04-15 18:05:37.430955 (3918641) [INFO] Merge result: running genomad-1.9 on 285 samples
2025-04-15 18:05:37.433679 (3918641) [INFO] calculating statistics
2025-04-15 18:05:47.481601 (3918641) [INFO] Done
2025-04-15 18:05:47.824239 (3918641) [INFO] getting genomad-1.9 results
2025-04-15 18:05:47.921409 (3918641) [INFO] getting minimap-ref=VMRv4_ML_train;mode=ont results
2025-04-15 18:05:49.421600 (3918641) [INFO] getting minimapThRank-ref=VMRv4_ML_train;mode=ont;thRank-fgggggggggss results
2025-04-15 18:05:49.474495 (3918641) [INFO] getting ML-stratgy=bottomup;th=0.45, gen=1011000 results
2025-04-15 18:05:50.458494 (3918641) [INFO] getting pipeline_vp=minimapThresh-ref=VMRv4_ML_train;mode=ont;thresh-60_completeMatch.esm-150M_512.merge=minimap_ml_train results
2025-04-15 18:05:50.459009 (3918641) [INFO] run pipeline on 3954 samples
2025-04-15 18:05:50.459287 (3918641) [INFO] apply minimapThresh-ref=VMRv4_ML_train;mode=ont;thresh-60_completeMatch on 3954 samples
2025-04-15 18:05:50.478710 (3918641) [INFO] 344 samples are confirmed as virus by minimapThresh-ref=VMRv4_ML_train;mode=ont;thresh-60_completeMatch
2025-04-15 18:05:50.478772 (3918641) [INFO] apply esm-150M_512 on 3610 samples
2025-04-15 18:05:50.635109 (3918641) [INFO] 3579 samples are confirmed as virus by esm-150M_512
2025-04-15 18:05:50.641577 (3918641) [INFO] 3923 samples are predicted as virus
2025-04-15 18:05:50.641849 (3918641) [INFO] Merge result: running minimapThRank-ref=VMRv4_ML_train;mode=ont;thRank-fgggggggggss on 3923 samples
2025-04-15 18:05:50.642531 (3918641) [INFO] Merge result: running ML-stratgy=bottomup;th=0.45, gen=1011000 on 939 samples
2025-04-15 18:05:50.642796 (3918641) [INFO] All samples predicted. Skip remained models
2025-04-15 18:05:50.646787 (3918641) [INFO] getting minimap_ml_train results
2025-04-15 18:05:50.646988 (3918641) [INFO] Merge result: running minimapThRank-ref=VMRv4_ML_train;mode=ont;thRank-fgggggggggss on 31 samples
2025-04-15 18:05:50.647010 (3918641) [INFO] Merge result: running ML-stratgy=bottomup;th=0.45, gen=1011000 on 20 samples
2025-04-15 18:05:50.647023 (3918641) [INFO] All samples predicted. Skip remained models
2025-04-15 18:05:50.647051 (3918641) [INFO] getting minimap_genomad_train results
2025-04-15 18:05:50.647228 (3918641) [INFO] Merge result: running minimapThRank-ref=VMRv4_ML_train;mode=ont;thRank-fgggggggggss on 3954 samples
2025-04-15 18:05:50.647828 (3918641) [INFO] Merge result: running genomad-1.9 on 959 samples
2025-04-15 18:05:50.648062 (3918641) [INFO] Merge result: running minimap-ref=VMRv4_ML_train;mode=ont on 228 samples
2025-04-15 18:05:50.651148 (3918641) [INFO] getting ml_genomad results
2025-04-15 18:05:50.651446 (3918641) [INFO] Merge result: running ML-stratgy=bottomup;th=0.45, gen=1011000 on 3954 samples
2025-04-15 18:05:50.652116 (3918641) [INFO] All samples predicted. Skip remained models
2025-04-15 18:05:50.653103 (3918641) [INFO] getting minimap_ml_genomad_train results
2025-04-15 18:05:50.653331 (3918641) [INFO] Merge result: running minimapThRank-ref=VMRv4_ML_train;mode=ont;thRank-fgggggggggss on 3954 samples
2025-04-15 18:05:50.653757 (3918641) [INFO] Merge result: running ML-stratgy=bottomup;th=0.45, gen=1011000 on 3954 samples
2025-04-15 18:05:50.654191 (3918641) [INFO] Merge result: running minimap-ref=VMRv4_ML_train;mode=ont on 3954 samples
2025-04-15 18:05:50.659128 (3918641) [INFO] Merge result: running genomad-1.9 on 137 samples
2025-04-15 18:05:50.661809 (3918641) [INFO] calculating statistics
2025-04-15 18:06:01.672165 (3918641) [INFO] Done
